// Jest Snapshot v1, https://goo.gl/fbAQLP

exports[`Error tests render correctly  1`] = `
<div>
  <div
    class="base"
  >
    <div
      class="container"
    >
      <div
        class="logo"
      >
        <a
          href="/"
        >
          BlockNews
        </a>
      </div>
      <ul
        class="nav"
      >
        <li
          class="item"
        >
          <a
            href="/"
          >
            Home
          </a>
        </li>
        <li
          class="item"
        >
          <a
            href="/contact"
          >
            Contact
          </a>
        </li>
        <li
          class="item"
        >
          <a
            href="/about"
          >
            About
          </a>
        </li>
      </ul>
    </div>
    <div
      class="container"
    >
      <h1
        class="warn"
      >
        Oops...That page couldn't be found.
      </h1>
      <a
        class="back"
        href="/"
      >
        Go back to home page?
      </a>
    </div>
  </div>
</div>
`;
